
> lukess-home@1.0.0 build
> next build

Ôû▓ Next.js 16.1.6 (Turbopack)
- Environments: .env.local

  Creating an optimized production build ...
node.exe : Error: 
Cannot apply unknown 
utility class 
`bg-primary-500/20`
En línea: 1 Carácter: 
1
+ & "C:\Program Files\
nodejs/node.exe" 
"C:\Program 
Files\nodejs/node_mo 
...
+ ~~~~~~~~~~~~~~~~~~~~
~~~~~~~~~~~~~~~~~~~~~~
~~~~~~~~~~~~~~~~~~~~~~
~~~~~
    + CategoryInfo    
          : NotSpeci  
  fied: (Error: Can   
 not a...primary-5    
00/20`:String) []    
, RemoteException
    + FullyQualifiedE 
   rrorId : NativeCo  
  mmandError
 
    [2m[at 
onInvalidCandidate (C:
\LukessHome\lukess-lan
ding-ecommerce\node_mo
dules\tailwindcss\dist
\lib.js:21:1511)][0m
    [2m[at Te (C:\Luk
essHome\lukess-landing
-ecommerce\node_module
s\tailwindcss\dist\lib
.js:16:36652)][0m
    [2m[at C:\LukessH
ome\lukess-landing-eco
mmerce\node_modules\ta
ilwindcss\dist\lib.js:
21:355][0m
    [2m[at Rr (C:\Luk
essHome\lukess-landing
-ecommerce\node_module
s\tailwindcss\dist\lib
.js:3:1718)][0m
    [2m[at _ (C:\Luke
ssHome\lukess-landing-
ecommerce\node_modules
\tailwindcss\dist\lib.
js:3:1377)][0m
    [2m[at $e (C:\Luk
essHome\lukess-landing
-ecommerce\node_module
s\tailwindcss\dist\lib
.js:21:172)][0m
    [2m[at un (C:\Luk
essHome\lukess-landing
-ecommerce\node_module
s\tailwindcss\dist\lib
.js:38:294)][0m
    [2m[at async cn (
C:\LukessHome\lukess-l
anding-ecommerce\node_
modules\tailwindcss\di
st\lib.js:38:631)][0m
    [2m[at async Xr (
C:\LukessHome\lukess-l
anding-ecommerce\node_
modules\@tailwindcss\n
ode\dist\index.js:10:3
417)][0m
    [2m[at async I (C
:\LukessHome\lukess-la
nding-ecommerce\node_m
odules\@tailwindcss\po
stcss\dist\index.js:10
:3977)][0m

> Build error occurred
Error: Turbopack 
build failed with 1 
errors:
./app/globals.css
Error evaluating 
Node.js code
CssSyntaxError: 
tailwindcss: C:\Lukess
Home\lukess-landing-ec
ommerce\app\globals.cs
s:1:1: Cannot apply 
unknown utility class 
`bg-primary-500/20`
    at Input.error (no
de_modules/postcss/lib
/input.js:135:16) [C:\
LukessHome\lukess-land
ing-ecommerce\.next\bu
ild\chunks\node_module
s_fe693df6._.js:4651:2
2]
    at Root.error (nod
e_modules/postcss/lib/
node.js:146:32) [C:\Lu
kessHome\lukess-landin
g-ecommerce\.next\buil
d\chunks\node_modules_
fe693df6._.js:928:38]
    [at Object.Once (C
:\LukessHome\lukess-la
nding-ecommerce\node_m
odules\@tailwindcss\po
stcss\dist\index.js:10
:6911)]
    at async 
LazyResult.runAsync (n
ode_modules/postcss/li
b/lazy-result.js:293:1
1) [C:\LukessHome\luke
ss-landing-ecommerce\.
next\build\chunks\node
_modules_fe693df6._.js
:6206:21]
    at async 
transform (turbopack:/
//[turbopack-node]/tra
nsforms/postcss.ts:70:
34) [C:\LukessHome\luk
ess-landing-ecommerce\
.next\build\chunks\[ro
ot-of-the-server]__512
25daf._.js:146:36]
    at async run (turb
opack:///[turbopack-no
de]/ipc/evaluate.ts:92
:23) [C:\LukessHome\lu
kess-landing-ecommerce
\.next\build\chunks\[r
oot-of-the-server]__97
4941ed._.js:443:31]

Import trace:
  Client Component 
Browser:
    ./app/globals.css 
[Client Component 
Browser]
    ./app/layout.tsx 
[Server Component]


    at async 
transform (turbopack:/
//[turbopack-node]/tra
nsforms/postcss.ts:70:
34) [C:\LukessHome\luk
ess-landing-ecommerce\
.next\build\chunks\[ro
ot-of-the-server]__512
25daf._.js:146:36])
    at async run (turb
opack:///[turbopack-no
de]/ipc/evaluate.ts:92
:23) [C:\LukessHome\lu
kess-landing-ecommerce
\.next\build\chunks\[r
oot-of-the-server]__97
4941ed._.js:443:31])
